------------------------------------------------------------
TimeQuest Timing Analyzer Summary
------------------------------------------------------------

Type  : Slow Model Setup 'clk_sys'
Slack : 2.162
TNS   : 0.000

Type  : Slow Model Setup 'pll0|altpll_component|pll|clk[2]'
Slack : 6.857
TNS   : 0.000

Type  : Slow Model Setup 'pll0|altpll_component|pll|clk[1]'
Slack : 20.712
TNS   : 0.000

Type  : Slow Model Setup 'pll0|altpll_component|pll|clk[0]'
Slack : 35.815
TNS   : 0.000

Type  : Slow Model Hold 'clk_sys'
Slack : -1.864
TNS   : -147.638

Type  : Slow Model Hold 'pll0|altpll_component|pll|clk[0]'
Slack : 0.391
TNS   : 0.000

Type  : Slow Model Hold 'pll0|altpll_component|pll|clk[1]'
Slack : 2.645
TNS   : 0.000

Type  : Slow Model Hold 'pll0|altpll_component|pll|clk[2]'
Slack : 2.646
TNS   : 0.000

Type  : Slow Model Recovery 'pll0|altpll_component|pll|clk[0]'
Slack : 95.801
TNS   : 0.000

Type  : Slow Model Removal 'pll0|altpll_component|pll|clk[0]'
Slack : 3.356
TNS   : 0.000

Type  : Slow Model Minimum Pulse Width 'clk_sys'
Slack : 7.620
TNS   : 0.000

Type  : Slow Model Minimum Pulse Width 'pll0|altpll_component|pll|clk[1]'
Slack : 47.223
TNS   : 0.000

Type  : Slow Model Minimum Pulse Width 'pll0|altpll_component|pll|clk[2]'
Slack : 47.223
TNS   : 0.000

Type  : Slow Model Minimum Pulse Width 'pll0|altpll_component|pll|clk[0]'
Slack : 49.000
TNS   : 0.000

Type  : Slow Model Minimum Pulse Width 'altera_reserved_tck'
Slack : 97.778
TNS   : 0.000

Type  : Fast Model Setup 'clk_sys'
Slack : 9.064
TNS   : 0.000

Type  : Fast Model Setup 'pll0|altpll_component|pll|clk[2]'
Slack : 16.172
TNS   : 0.000

Type  : Fast Model Setup 'pll0|altpll_component|pll|clk[1]'
Slack : 22.897
TNS   : 0.000

Type  : Fast Model Setup 'pll0|altpll_component|pll|clk[0]'
Slack : 42.874
TNS   : 0.000

Type  : Fast Model Hold 'clk_sys'
Slack : -1.366
TNS   : -146.336

Type  : Fast Model Hold 'pll0|altpll_component|pll|clk[0]'
Slack : 0.215
TNS   : 0.000

Type  : Fast Model Hold 'pll0|altpll_component|pll|clk[2]'
Slack : 2.318
TNS   : 0.000

Type  : Fast Model Hold 'pll0|altpll_component|pll|clk[1]'
Slack : 2.321
TNS   : 0.000

Type  : Fast Model Recovery 'pll0|altpll_component|pll|clk[0]'
Slack : 97.886
TNS   : 0.000

Type  : Fast Model Removal 'pll0|altpll_component|pll|clk[0]'
Slack : 1.714
TNS   : 0.000

Type  : Fast Model Minimum Pulse Width 'clk_sys'
Slack : 7.620
TNS   : 0.000

Type  : Fast Model Minimum Pulse Width 'pll0|altpll_component|pll|clk[1]'
Slack : 47.223
TNS   : 0.000

Type  : Fast Model Minimum Pulse Width 'pll0|altpll_component|pll|clk[2]'
Slack : 47.223
TNS   : 0.000

Type  : Fast Model Minimum Pulse Width 'pll0|altpll_component|pll|clk[0]'
Slack : 49.000
TNS   : 0.000

Type  : Fast Model Minimum Pulse Width 'altera_reserved_tck'
Slack : 97.778
TNS   : 0.000

------------------------------------------------------------
